﻿
Running 2 tests using 2 workers

[1A[2K[1/2] [Google Chrome] ÔÇ║ tests\academy-management.spec.ts:4:5 ÔÇ║ Academy Management UI ÔÇ║ Renders academy management and its components after admin login
[1A[2K[2/2] [Google Chrome] ÔÇ║ tests\studio-management.spec.ts:4:5 ÔÇ║ Studio Management UI ÔÇ║ Renders studio management and its components after admin login
[1A[2K  1) [Google Chrome] ÔÇ║ tests\studio-management.spec.ts:4:5 ÔÇ║ Studio Management UI ÔÇ║ Renders studio management and its components after admin login 

    Error: [2mexpect([22m[31mlocator[39m[2m).[22mtoBeVisible[2m([22m[2m)[22m failed

    Locator: getByRole('button', { name: 'Bookings' })
    Expected: visible
    Error: strict mode violation: getByRole('button', { name: 'Bookings' }) resolved to 2 elements:
        1) <button class="w-full flex items-center gap-3 px-4 py-3 rounded-xl text-sm font-medium transition-all duration-200 bg-gradient-to-r from-purple-600 to-indigo-600 text-white shadow-lg shadow-purple-200">ÔÇª</button> aka getByRole('button', { name: 'Studio Bookings' })
        2) <button class="flex items-center gap-2 px-4 py-3 text-sm font-medium border-b-2 transition-colors border-purple-600 text-purple-600">ÔÇª</button> aka getByRole('button', { name: 'Bookings', exact: true })

    Call log:
    [2m  - Expect "toBeVisible" with timeout 5000ms[22m
    [2m  - waiting for getByRole('button', { name: 'Bookings' })[22m


      20 |
      21 |         // Check tabs
    > 22 |         await expect(page.getByRole('button', { name: 'Bookings' })).toBeVisible();
         |                                                                      ^
      23 |         await expect(page.getByRole('button', { name: 'Project Files' })).toBeVisible();
      24 |         await expect(page.getByRole('button', { name: 'Services & Rates' })).toBeVisible();
      25 |
        at C:\Users\User\Desktop\Agile\Studio\tests\studio-management.spec.ts:22:70

    Error Context: test-results\studio-management-Studio-M-b26b7-omponents-after-admin-login-Google-Chrome\error-context.md


[1A[2K  2) [Google Chrome] ÔÇ║ tests\academy-management.spec.ts:4:5 ÔÇ║ Academy Management UI ÔÇ║ Renders academy management and its components after admin login 

    Error: [2mexpect([22m[31mlocator[39m[2m).[22mtoBeVisible[2m([22m[2m)[22m failed

    Locator: getByRole('button', { name: 'Classes' })
    Expected: visible
    Error: strict mode violation: getByRole('button', { name: 'Classes' }) resolved to 2 elements:
        1) <button class="w-full flex items-center gap-3 px-4 py-3 rounded-xl text-sm font-medium transition-all duration-200 bg-gradient-to-r from-purple-600 to-indigo-600 text-white shadow-lg shadow-purple-200">ÔÇª</button> aka getByRole('button', { name: 'Academy Classes' })
        2) <button class="flex items-center gap-2 px-4 py-3 text-sm font-medium border-b-2 transition-colors border-blue-600 text-blue-600">ÔÇª</button> aka getByRole('button', { name: 'Classes', exact: true })

    Call log:
    [2m  - Expect "toBeVisible" with timeout 5000ms[22m
    [2m  - waiting for getByRole('button', { name: 'Classes' })[22m


      24 |
      25 |         // Check tabs
    > 26 |         await expect(page.getByRole('button', { name: 'Classes' })).toBeVisible();
         |                                                                     ^
      27 |         await expect(page.getByRole('button', { name: 'Students' })).toBeVisible();
      28 |         await expect(page.getByRole('button', { name: 'Tutors' })).toBeVisible();
      29 |
        at C:\Users\User\Desktop\Agile\Studio\tests\academy-management.spec.ts:26:69

    Error Context: test-results\academy-management-Academy-0f929-omponents-after-admin-login-Google-Chrome\error-context.md


[1A[2K  2 failed
    [Google Chrome] ÔÇ║ tests\academy-management.spec.ts:4:5 ÔÇ║ Academy Management UI ÔÇ║ Renders academy management and its components after admin login 
    [Google Chrome] ÔÇ║ tests\studio-management.spec.ts:4:5 ÔÇ║ Studio Management UI ÔÇ║ Renders studio management and its components after admin login 

[36m  Serving HTML report at http://localhost:9323. Press Ctrl+C to quit.[39m
